Release 14.1 - xst P.15xf (nt64)
Copyright (c) 1995-2012 Xilinx, Inc.  All rights reserved.
--> Parameter TMPDIR set to xst/projnav.tmp


Total REAL time to Xst completion: 0.00 secs
Total CPU time to Xst completion: 0.20 secs
 
--> Parameter xsthdpdir set to xst


Total REAL time to Xst completion: 0.00 secs
Total CPU time to Xst completion: 0.20 secs
 
--> Reading design: atlys_lab_video.prj

TABLE OF CONTENTS
  1) Synthesis Options Summary
  2) HDL Parsing
  3) HDL Elaboration
  4) HDL Synthesis
       4.1) HDL Synthesis Report
  5) Advanced HDL Synthesis
       5.1) Advanced HDL Synthesis Report
  6) Low Level Synthesis
  7) Partition Report
  8) Design Summary
       8.1) Primitive and Black Box Usage
       8.2) Device utilization summary
       8.3) Partition Resource Summary
       8.4) Timing Report
            8.4.1) Clock Information
            8.4.2) Asynchronous Control Signals Information
            8.4.3) Timing Summary
            8.4.4) Timing Details
            8.4.5) Cross Clock Domains Report


=========================================================================
*                      Synthesis Options Summary                        *
=========================================================================
---- Source Parameters
Input File Name                    : "atlys_lab_video.prj"
Ignore Synthesis Constraint File   : NO

---- Target Parameters
Output File Name                   : "atlys_lab_video"
Output Format                      : NGC
Target Device                      : xc6slx45-3-csg324

---- Source Options
Top Module Name                    : atlys_lab_video
Automatic FSM Extraction           : YES
FSM Encoding Algorithm             : Auto
Safe Implementation                : No
FSM Style                          : LUT
RAM Extraction                     : Yes
RAM Style                          : Auto
ROM Extraction                     : Yes
Shift Register Extraction          : YES
ROM Style                          : Auto
Resource Sharing                   : YES
Asynchronous To Synchronous        : NO
Shift Register Minimum Size        : 2
Use DSP Block                      : Auto
Automatic Register Balancing       : No

---- Target Options
LUT Combining                      : Auto
Reduce Control Sets                : Auto
Add IO Buffers                     : YES
Global Maximum Fanout              : 100000
Add Generic Clock Buffer(BUFG)     : 16
Register Duplication               : YES
Optimize Instantiated Primitives   : NO
Use Clock Enable                   : Auto
Use Synchronous Set                : Auto
Use Synchronous Reset              : Auto
Pack IO Registers into IOBs        : True
Equivalent register Removal        : YES

---- General Options
Optimization Goal                  : Area
Optimization Effort                : 1
Power Reduction                    : NO
Keep Hierarchy                     : No
Netlist Hierarchy                  : As_Optimized
RTL Output                         : Yes
Global Optimization                : AllClockNets
Read Cores                         : YES
Write Timing Constraints           : NO
Cross Clock Analysis               : NO
Hierarchy Separator                : /
Bus Delimiter                      : <>
Case Specifier                     : Maintain
Slice Utilization Ratio            : 100
BRAM Utilization Ratio             : 100
DSP48 Utilization Ratio            : 100
Auto BRAM Packing                  : YES
Slice Utilization Ratio Delta      : 5

=========================================================================


=========================================================================
*                          HDL Parsing                                  *
=========================================================================
Parsing VHDL file "C:\Users\C15Travis.Schriner\Documents\2dig\ECE383\Lab1_VGAController\Lab1_VGAController\v_sync_gen.vhd" into library work
Parsing entity <v_sync_gen>.
Parsing architecture <Behavioral> of entity <v_sync_gen>.
Parsing VHDL file "C:\Users\C15Travis.Schriner\Documents\2dig\ECE383\Lab1_VGAController\Lab1_VGAController\TDMS_encoder.vhd" into library work
Parsing entity <TDMS_encoder>.
Parsing architecture <Behavioral> of entity <tdms_encoder>.
Parsing VHDL file "C:\Users\C15Travis.Schriner\Documents\2dig\ECE383\Lab1_VGAController\Lab1_VGAController\h_sync_gen.vhd" into library work
Parsing entity <h_sync_gen>.
Parsing architecture <Behavioral> of entity <h_sync_gen>.
Parsing VHDL file "C:\Users\C15Travis.Schriner\Documents\2dig\ECE383\Lab1_VGAController\Lab1_VGAController\vga_sync.vhd" into library work
Parsing entity <vga_sync>.
Parsing architecture <Behavioral> of entity <vga_sync>.
Parsing VHDL file "C:\Users\C15Travis.Schriner\Documents\2dig\ECE383\Lab1_VGAController\Lab1_VGAController\pixel_gen.vhd" into library work
Parsing entity <pixel_gen>.
Parsing architecture <Behavioral> of entity <pixel_gen>.
Parsing VHDL file "C:\Users\C15Travis.Schriner\Documents\2dig\ECE383\Lab1_VGAController\Lab1_VGAController\dvid.vhd" into library work
Parsing entity <dvid>.
Parsing architecture <Behavioral> of entity <dvid>.
Parsing VHDL file "C:\Users\C15Travis.Schriner\Documents\2dig\ECE383\Lab1_VGAController\Lab1_VGAController\atlys_lab_video.vhd" into library work
Parsing entity <atlys_lab_video>.
Parsing architecture <Schriner_VGA> of entity <atlys_lab_video>.

=========================================================================
*                            HDL Elaboration                            *
=========================================================================

Elaborating entity <atlys_lab_video> (architecture <Schriner_VGA>) from library <work>.

Elaborating entity <vga_sync> (architecture <Behavioral>) from library <work>.

Elaborating entity <h_sync_gen> (architecture <Behavioral>) from library <work>.

Elaborating entity <v_sync_gen> (architecture <Behavioral>) from library <work>.

Elaborating entity <pixel_gen> (architecture <Behavioral>) from library <work>.

Elaborating entity <dvid> (architecture <Behavioral>) from library <work>.

Elaborating entity <TDMS_encoder> (architecture <Behavioral>) from library <work>.

=========================================================================
*                           HDL Synthesis                               *
=========================================================================

Synthesizing Unit <atlys_lab_video>.
    Related source file is "C:\Users\C15Travis.Schriner\Documents\2dig\ECE383\Lab1_VGAController\Lab1_VGAController\atlys_lab_video.vhd".
INFO:Xst:3210 - "C:\Users\C15Travis.Schriner\Documents\2dig\ECE383\Lab1_VGAController\Lab1_VGAController\atlys_lab_video.vhd" line 63: Output port <v_completed> of the instance <vga_sync_instance> is unconnected or connected to loadless signal.
    Summary:
	no macro.
Unit <atlys_lab_video> synthesized.

Synthesizing Unit <vga_sync>.
    Related source file is "C:\Users\C15Travis.Schriner\Documents\2dig\ECE383\Lab1_VGAController\Lab1_VGAController\vga_sync.vhd".
    Summary:
	no macro.
Unit <vga_sync> synthesized.

Synthesizing Unit <h_sync_gen>.
    Related source file is "C:\Users\C15Travis.Schriner\Documents\2dig\ECE383\Lab1_VGAController\Lab1_VGAController\h_sync_gen.vhd".
    Found 11-bit register for signal <count_reg>.
    Found 3-bit register for signal <state_reg>.
    Found 1-bit register for signal <h_sync_reg>.
    Found 1-bit register for signal <blank_reg>.
    Found 11-bit register for signal <column_reg>.
    Found 1-bit register for signal <completed_reg>.
    Found finite state machine <FSM_0> for signal <state_reg>.
    -----------------------------------------------------------------------
    | States             | 5                                              |
    | Transitions        | 9                                              |
    | Inputs             | 4                                              |
    | Outputs            | 8                                              |
    | Clock              | clk (rising_edge)                              |
    | Reset              | reset (positive)                               |
    | Reset type         | asynchronous                                   |
    | Reset State        | activevid                                      |
    | Power Up State     | activevid                                      |
    | Encoding           | auto                                           |
    | Implementation     | LUT                                            |
    -----------------------------------------------------------------------
    Found 11-bit adder for signal <count_reg[10]_GND_17_o_add_3_OUT> created at line 1241.
    Found 3-bit comparator not equal for signal <n0002> created at line 61
    Summary:
	inferred   1 Adder/Subtractor(s).
	inferred  25 D-type flip-flop(s).
	inferred   1 Comparator(s).
	inferred   2 Multiplexer(s).
	inferred   1 Finite State Machine(s).
Unit <h_sync_gen> synthesized.

Synthesizing Unit <v_sync_gen>.
    Related source file is "C:\Users\C15Travis.Schriner\Documents\2dig\ECE383\Lab1_VGAController\Lab1_VGAController\v_sync_gen.vhd".
WARNING:Xst:647 - Input <h_blank> is never used. This port will be preserved and left unconnected if it belongs to a top-level block or it belongs to a sub-block and the hierarchy of this sub-block is preserved.
    Found 11-bit register for signal <count_reg>.
    Found 3-bit register for signal <state_reg>.
    Found 1-bit register for signal <v_sync_reg>.
    Found 1-bit register for signal <blank_reg>.
    Found 11-bit register for signal <column_reg>.
    Found 1-bit register for signal <completed_reg>.
    Found finite state machine <FSM_1> for signal <state_reg>.
    -----------------------------------------------------------------------
    | States             | 5                                              |
    | Transitions        | 14                                             |
    | Inputs             | 5                                              |
    | Outputs            | 8                                              |
    | Clock              | clk (rising_edge)                              |
    | Reset              | reset (positive)                               |
    | Reset type         | asynchronous                                   |
    | Reset State        | activevid                                      |
    | Power Up State     | activevid                                      |
    | Encoding           | auto                                           |
    | Implementation     | LUT                                            |
    -----------------------------------------------------------------------
    Found 11-bit adder for signal <count_reg[10]_GND_18_o_add_3_OUT> created at line 1241.
    Found 3-bit comparator not equal for signal <n0002> created at line 76
    Summary:
	inferred   1 Adder/Subtractor(s).
	inferred  25 D-type flip-flop(s).
	inferred   1 Comparator(s).
	inferred   3 Multiplexer(s).
	inferred   1 Finite State Machine(s).
Unit <v_sync_gen> synthesized.

Synthesizing Unit <pixel_gen>.
    Related source file is "C:\Users\C15Travis.Schriner\Documents\2dig\ECE383\Lab1_VGAController\Lab1_VGAController\pixel_gen.vhd".
WARNING:Xst:737 - Found 1-bit latch for signal <r<5>>. Latches may be generated from incomplete case or if statements. We do not recommend the use of latches in FPGA/CPLD designs, as they may lead to timing problems.
WARNING:Xst:737 - Found 1-bit latch for signal <g<7>>. Latches may be generated from incomplete case or if statements. We do not recommend the use of latches in FPGA/CPLD designs, as they may lead to timing problems.
WARNING:Xst:737 - Found 1-bit latch for signal <b<7>>. Latches may be generated from incomplete case or if statements. We do not recommend the use of latches in FPGA/CPLD designs, as they may lead to timing problems.
    Found 11-bit comparator greater for signal <GND_19_o_row[10]_LessThan_36_o> created at line 94
    Found 11-bit comparator greater for signal <column[10]_GND_19_o_LessThan_37_o> created at line 98
    Found 11-bit comparator greater for signal <column[10]_GND_19_o_LessThan_26_o> created at line 102
    Summary:
	inferred   3 Latch(s).
	inferred   3 Comparator(s).
	inferred  18 Multiplexer(s).
Unit <pixel_gen> synthesized.

Synthesizing Unit <dvid>.
    Related source file is "C:\Users\C15Travis.Schriner\Documents\2dig\ECE383\Lab1_VGAController\Lab1_VGAController\dvid.vhd".
    Found 10-bit register for signal <latched_green>.
    Found 10-bit register for signal <latched_blue>.
    Found 10-bit register for signal <shift_red>.
    Found 10-bit register for signal <shift_green>.
    Found 10-bit register for signal <shift_blue>.
    Found 10-bit register for signal <shift_clock>.
    Found 10-bit register for signal <latched_red>.
    Summary:
	inferred  70 D-type flip-flop(s).
	inferred   3 Multiplexer(s).
Unit <dvid> synthesized.

Synthesizing Unit <TDMS_encoder>.
    Related source file is "C:\Users\C15Travis.Schriner\Documents\2dig\ECE383\Lab1_VGAController\Lab1_VGAController\TDMS_encoder.vhd".
    Found 4-bit register for signal <dc_bias>.
    Found 10-bit register for signal <encoded>.
    Found 4-bit adder for signal <n0156> created at line 54.
    Found 4-bit adder for signal <n0159> created at line 54.
    Found 4-bit adder for signal <n0162> created at line 54.
    Found 4-bit adder for signal <n0165> created at line 54.
    Found 4-bit adder for signal <n0168> created at line 54.
    Found 4-bit adder for signal <n0171> created at line 54.
    Found 4-bit adder for signal <ones> created at line 54.
    Found 4-bit adder for signal <n0176> created at line 70.
    Found 4-bit adder for signal <n0179> created at line 70.
    Found 4-bit adder for signal <n0182> created at line 70.
    Found 4-bit adder for signal <n0185> created at line 70.
    Found 4-bit adder for signal <n0188> created at line 70.
    Found 4-bit adder for signal <n0191> created at line 70.
    Found 4-bit adder for signal <n0194> created at line 70.
    Found 4-bit adder for signal <data_word_disparity> created at line 70.
    Found 4-bit adder for signal <dc_bias[3]_data_word_disparity[3]_add_25_OUT> created at line 91.
    Found 4-bit adder for signal <dc_bias[3]_GND_47_o_add_29_OUT> created at line 99.
    Found 4-bit adder for signal <GND_47_o_data_word_disparity[3]_add_32_OUT> created at line 102.
    Found 4-bit subtractor for signal <GND_47_o_GND_47_o_sub_27_OUT<3:0>> created at line 94.
    Found 4-bit subtractor for signal <GND_47_o_GND_47_o_sub_31_OUT<3:0>> created at line 99.
    Found 4-bit subtractor for signal <n0203> created at line 0.
    Found 4-bit comparator greater for signal <GND_47_o_ones[3]_LessThan_9_o> created at line 60
    Summary:
	inferred  20 Adder/Subtractor(s).
	inferred  14 D-type flip-flop(s).
	inferred   1 Comparator(s).
	inferred  15 Multiplexer(s).
Unit <TDMS_encoder> synthesized.

=========================================================================
HDL Synthesis Report

Macro Statistics
# Adders/Subtractors                                   : 62
 11-bit adder                                          : 2
 4-bit adder                                           : 51
 4-bit addsub                                          : 3
 4-bit subtractor                                      : 6
# Registers                                            : 23
 1-bit register                                        : 6
 10-bit register                                       : 10
 11-bit register                                       : 4
 4-bit register                                        : 3
# Latches                                              : 3
 1-bit latch                                           : 3
# Comparators                                          : 8
 11-bit comparator greater                             : 3
 3-bit comparator not equal                            : 2
 4-bit comparator greater                              : 3
# Multiplexers                                         : 71
 1-bit 2-to-1 multiplexer                              : 42
 10-bit 2-to-1 multiplexer                             : 12
 11-bit 2-to-1 multiplexer                             : 5
 4-bit 2-to-1 multiplexer                              : 6
 9-bit 2-to-1 multiplexer                              : 6
# FSMs                                                 : 2
# Xors                                                 : 42
 1-bit xor2                                            : 42

=========================================================================

=========================================================================
*                       Advanced HDL Synthesis                          *
=========================================================================


Synthesizing (advanced) Unit <TDMS_encoder>.
The following registers are absorbed into accumulator <dc_bias>: 1 register on signal <dc_bias>.
	The following adders/subtractors are grouped into adder tree <Madd_data_word_disparity_Madd1> :
 	<Madd_n0179_Madd> in block <TDMS_encoder>, 	<Madd_n0185_Madd> in block <TDMS_encoder>, 	<Madd_n0191_Madd> in block <TDMS_encoder>, 	<Madd_data_word_disparity_Madd> in block <TDMS_encoder>.
	The following adders/subtractors are grouped into adder tree <Madd_ones_Madd1> :
 	<Madd_n0162_Madd> in block <TDMS_encoder>, 	<Madd_n0168_Madd> in block <TDMS_encoder>, 	<Madd_ones_Madd> in block <TDMS_encoder>.
Unit <TDMS_encoder> synthesized (advanced).

Synthesizing (advanced) Unit <h_sync_gen>.
The following registers are absorbed into counter <count_reg>: 1 register on signal <count_reg>.
Unit <h_sync_gen> synthesized (advanced).

=========================================================================
Advanced HDL Synthesis Report

Macro Statistics
# Adders/Subtractors                                   : 17
 11-bit adder                                          : 2
 4-bit adder                                           : 9
 4-bit subtractor                                      : 6
# Adder Trees                                          : 6
 4-bit / 4-inputs adder tree                           : 6
# Counters                                             : 1
 11-bit up counter                                     : 1
# Accumulators                                         : 3
 4-bit updown loadable accumulator                     : 3
# Registers                                            : 139
 Flip-Flops                                            : 139
# Comparators                                          : 8
 11-bit comparator greater                             : 3
 3-bit comparator not equal                            : 2
 4-bit comparator greater                              : 3
# Multiplexers                                         : 68
 1-bit 2-to-1 multiplexer                              : 42
 10-bit 2-to-1 multiplexer                             : 12
 11-bit 2-to-1 multiplexer                             : 5
 4-bit 2-to-1 multiplexer                              : 3
 9-bit 2-to-1 multiplexer                              : 6
# FSMs                                                 : 2
# Xors                                                 : 42
 1-bit xor2                                            : 42

=========================================================================

=========================================================================
*                         Low Level Synthesis                           *
=========================================================================
Analyzing FSM <MFsm> for best encoding.
Optimizing FSM <vga_sync_instance/h_sync_instance/FSM_0> on signal <state_reg[1:3]> with user encoding.
------------------------
 State      | Encoding
------------------------
 activevid  | 000
 frontporch | 001
 sync       | 010
 backporch  | 011
 complete   | 100
------------------------
Analyzing FSM <MFsm> for best encoding.
Optimizing FSM <vga_sync_instance/v_sync_instance/FSM_1> on signal <state_reg[1:3]> with user encoding.
------------------------
 State      | Encoding
------------------------
 activevid  | 000
 frontporch | 001
 sync       | 010
 backporch  | 011
 complete   | 100
------------------------
INFO:Xst:1901 - Instance inst_DCM_pixel in unit atlys_lab_video of type DCM has been replaced by DCM_SP
INFO:Xst:1901 - Instance inst_DCM_serialize in unit atlys_lab_video of type DCM has been replaced by DCM_SP

Optimizing unit <atlys_lab_video> ...

Optimizing unit <h_sync_gen> ...

Optimizing unit <v_sync_gen> ...

Optimizing unit <pixel_gen> ...

Optimizing unit <dvid> ...

Optimizing unit <TDMS_encoder> ...
WARNING:Xst:2677 - Node <vga_sync_instance/h_sync_instance/column_reg_1> of sequential type is unconnected in block <atlys_lab_video>.
WARNING:Xst:2677 - Node <vga_sync_instance/h_sync_instance/column_reg_0> of sequential type is unconnected in block <atlys_lab_video>.
WARNING:Xst:2677 - Node <vga_sync_instance/v_sync_instance/completed_reg> of sequential type is unconnected in block <atlys_lab_video>.
INFO:Xst:2261 - The FF/Latch <inst_dvid/latched_green_6> in Unit <atlys_lab_video> is equivalent to the following 2 FFs/Latches, which will be removed : <inst_dvid/latched_green_4> <inst_dvid/latched_green_2> 
INFO:Xst:2261 - The FF/Latch <inst_dvid/latched_green_7> in Unit <atlys_lab_video> is equivalent to the following 4 FFs/Latches, which will be removed : <inst_dvid/latched_green_5> <inst_dvid/latched_green_3> <inst_dvid/latched_green_1> <inst_dvid/latched_green_0> 
INFO:Xst:2261 - The FF/Latch <inst_dvid/latched_blue_6> in Unit <atlys_lab_video> is equivalent to the following 2 FFs/Latches, which will be removed : <inst_dvid/latched_blue_4> <inst_dvid/latched_blue_2> 
INFO:Xst:2261 - The FF/Latch <inst_dvid/latched_blue_7> in Unit <atlys_lab_video> is equivalent to the following 4 FFs/Latches, which will be removed : <inst_dvid/latched_blue_5> <inst_dvid/latched_blue_3> <inst_dvid/latched_blue_1> <inst_dvid/latched_blue_0> 
INFO:Xst:2261 - The FF/Latch <inst_dvid/TDMS_encoder_red/encoded_6> in Unit <atlys_lab_video> is equivalent to the following 2 FFs/Latches, which will be removed : <inst_dvid/TDMS_encoder_red/encoded_4> <inst_dvid/TDMS_encoder_red/encoded_2> 
INFO:Xst:2261 - The FF/Latch <inst_dvid/TDMS_encoder_red/encoded_7> in Unit <atlys_lab_video> is equivalent to the following 4 FFs/Latches, which will be removed : <inst_dvid/TDMS_encoder_red/encoded_5> <inst_dvid/TDMS_encoder_red/encoded_3> <inst_dvid/TDMS_encoder_red/encoded_1> <inst_dvid/TDMS_encoder_red/encoded_0> 
INFO:Xst:2261 - The FF/Latch <inst_dvid/TDMS_encoder_green/encoded_6> in Unit <atlys_lab_video> is equivalent to the following 2 FFs/Latches, which will be removed : <inst_dvid/TDMS_encoder_green/encoded_4> <inst_dvid/TDMS_encoder_green/encoded_2> 
INFO:Xst:2261 - The FF/Latch <inst_dvid/TDMS_encoder_green/encoded_7> in Unit <atlys_lab_video> is equivalent to the following 4 FFs/Latches, which will be removed : <inst_dvid/TDMS_encoder_green/encoded_5> <inst_dvid/TDMS_encoder_green/encoded_3> <inst_dvid/TDMS_encoder_green/encoded_1> <inst_dvid/TDMS_encoder_green/encoded_0> 
INFO:Xst:2261 - The FF/Latch <inst_dvid/latched_red_6> in Unit <atlys_lab_video> is equivalent to the following 2 FFs/Latches, which will be removed : <inst_dvid/latched_red_4> <inst_dvid/latched_red_2> 
INFO:Xst:2261 - The FF/Latch <inst_dvid/latched_red_7> in Unit <atlys_lab_video> is equivalent to the following 4 FFs/Latches, which will be removed : <inst_dvid/latched_red_5> <inst_dvid/latched_red_3> <inst_dvid/latched_red_1> <inst_dvid/latched_red_0> 
INFO:Xst:2261 - The FF/Latch <inst_dvid/TDMS_encoder_blue/encoded_6> in Unit <atlys_lab_video> is equivalent to the following 2 FFs/Latches, which will be removed : <inst_dvid/TDMS_encoder_blue/encoded_4> <inst_dvid/TDMS_encoder_blue/encoded_2> 
INFO:Xst:2261 - The FF/Latch <inst_dvid/TDMS_encoder_blue/encoded_7> in Unit <atlys_lab_video> is equivalent to the following 4 FFs/Latches, which will be removed : <inst_dvid/TDMS_encoder_blue/encoded_5> <inst_dvid/TDMS_encoder_blue/encoded_3> <inst_dvid/TDMS_encoder_blue/encoded_1> <inst_dvid/TDMS_encoder_blue/encoded_0> 

Mapping all equations...
Building and optimizing final netlist ...
Found area constraint ratio of 100 (+ 5) on block atlys_lab_video, actual ratio is 1.

Final Macro Processing ...

=========================================================================
Final Register Report

Macro Statistics
# Registers                                            : 129
 Flip-Flops                                            : 129

=========================================================================

=========================================================================
*                           Partition Report                            *
=========================================================================

Partition Implementation Status
-------------------------------

  No Partitions were found in this design.

-------------------------------

=========================================================================
*                            Design Summary                             *
=========================================================================

Top Level Output File Name         : atlys_lab_video.ngc

Primitive and Black Box Usage:
------------------------------
# BELS                             : 224
#      GND                         : 1
#      INV                         : 2
#      LUT1                        : 20
#      LUT2                        : 10
#      LUT3                        : 48
#      LUT4                        : 34
#      LUT5                        : 28
#      LUT6                        : 18
#      MUXCY                       : 30
#      MUXF7                       : 1
#      VCC                         : 1
#      XORCY                       : 31
# FlipFlops/Latches                : 136
#      FD                          : 89
#      FDC                         : 28
#      FDR                         : 12
#      LDC                         : 3
#      ODDR2                       : 4
# Clock Buffers                    : 3
#      BUFG                        : 3
# IO Buffers                       : 8
#      IBUF                        : 3
#      IBUFG                       : 1
#      OBUFDS                      : 4
# DCMs                             : 2
#      DCM_SP                      : 2

Device utilization summary:
---------------------------

Selected Device : 6slx45csg324-3 


Slice Logic Utilization: 
 Number of Slice Registers:             136  out of  54576     0%  
 Number of Slice LUTs:                  160  out of  27288     0%  
    Number used as Logic:               160  out of  27288     0%  

Slice Logic Distribution: 
 Number of LUT Flip Flop pairs used:    176
   Number with an unused Flip Flop:      40  out of    176    22%  
   Number with an unused LUT:            16  out of    176     9%  
   Number of fully used LUT-FF pairs:   120  out of    176    68%  
   Number of unique control sets:         5

IO Utilization: 
 Number of IOs:                          12
 Number of bonded IOBs:                  12  out of    218     5%  

Specific Feature Utilization:
 Number of BUFG/BUFGCTRLs:                3  out of     16    18%  

---------------------------
Partition Resource Summary:
---------------------------

  No Partitions were found in this design.

---------------------------


=========================================================================
Timing Report

NOTE: THESE TIMING NUMBERS ARE ONLY A SYNTHESIS ESTIMATE.
      FOR ACCURATE TIMING INFORMATION PLEASE REFER TO THE TRACE REPORT
      GENERATED AFTER PLACE-and-ROUTE.

Clock Information:
------------------
-----------------------------------+-----------------------------+-------+
Clock Signal                       | Clock buffer(FF name)       | Load  |
-----------------------------------+-----------------------------+-------+
clk                                | DCM_SP:CLKFX                | 89    |
N0                                 | NONE(pixel_gen_instance/g_7)| 3     |
clk                                | DCM_SP:CLKFX                | 44    |
clk                                | DCM_SP:CLKFX180             | 4     |
-----------------------------------+-----------------------------+-------+
INFO:Xst:2169 - HDL ADVISOR - Some clock signals were not automatically buffered by XST with BUFG/BUFR resources. Please use the buffer_type constraint in order to insert these buffers to the clock signals to help prevent skew problems.

Asynchronous Control Signals Information:
----------------------------------------
No asynchronous control signals found in this design

Timing Summary:
---------------
Speed Grade: -3

   Minimum period: 4.959ns (Maximum Frequency: 201.671MHz)
   Minimum input arrival time before clock: 2.886ns
   Maximum output required time after clock: No path found
   Maximum combinational path delay: No path found

Timing Details:
---------------
All values displayed in nanoseconds (ns)

=========================================================================
Timing constraint: Default period analysis for Clock 'clk'
  Clock period: 4.959ns (frequency: 201.671MHz)
  Total number of paths / destination ports: 8342 / 149
-------------------------------------------------------------------------
Delay:               3.967ns (Levels of Logic = 3)
  Source:            inst_dvid/shift_clock_9 (FF)
  Destination:       inst_dvid/shift_blue_9 (FF)
  Source Clock:      clk rising 1.3X
  Destination Clock: clk rising 1.3X

  Data Path: inst_dvid/shift_clock_9 to inst_dvid/shift_blue_9
                                Gate     Net
    Cell:in->out      fanout   Delay   Delay  Logical Name (Net Name)
    ----------------------------------------  ------------
     FD:C->Q               2   0.447   0.961  inst_dvid/shift_clock_9 (inst_dvid/shift_clock_9)
     LUT5:I0->O            1   0.203   0.580  inst_dvid/GND_44_o_shift_clock[9]_equal_5_o<9>_SW0 (N12)
     LUT6:I5->O           30   0.205   1.264  inst_dvid/GND_44_o_shift_clock[9]_equal_5_o<9> (inst_dvid/GND_44_o_shift_clock[9]_equal_5_o)
     LUT3:I2->O            1   0.205   0.000  inst_dvid/Mmux_GND_44_o_latched_red[9]_mux_5_OUT11 (inst_dvid/GND_44_o_latched_red[9]_mux_5_OUT<0>)
     FD:D                      0.102          inst_dvid/shift_red_0
    ----------------------------------------
    Total                      3.967ns (1.162ns logic, 2.805ns route)
                                       (29.3% logic, 70.7% route)

=========================================================================
Timing constraint: Default OFFSET IN BEFORE for Clock 'clk'
  Total number of paths / destination ports: 28 / 28
-------------------------------------------------------------------------
Offset:              2.886ns (Levels of Logic = 1)
  Source:            reset (PAD)
  Destination:       vga_sync_instance/h_sync_instance/count_reg_10 (FF)
  Destination Clock: clk rising 0.3X

  Data Path: reset to vga_sync_instance/h_sync_instance/count_reg_10
                                Gate     Net
    Cell:in->out      fanout   Delay   Delay  Logical Name (Net Name)
    ----------------------------------------  ------------
     IBUF:I->O            28   1.222   1.234  reset_IBUF (reset_IBUF)
     FDC:CLR                   0.430          vga_sync_instance/h_sync_instance/state_reg_FSM_FFd3
    ----------------------------------------
    Total                      2.886ns (1.652ns logic, 1.234ns route)
                                       (57.2% logic, 42.8% route)

=========================================================================

Cross Clock Domains Report:
--------------------------

Clock to Setup on destination clock clk
---------------+---------+---------+---------+---------+
               | Src:Rise| Src:Fall| Src:Rise| Src:Fall|
Source Clock   |Dest:Rise|Dest:Rise|Dest:Fall|Dest:Fall|
---------------+---------+---------+---------+---------+
clk            |    7.717|         |         |         |
---------------+---------+---------+---------+---------+

=========================================================================


Total REAL time to Xst completion: 11.00 secs
Total CPU time to Xst completion: 10.79 secs
 
--> 

Total memory usage is 269760 kilobytes

Number of errors   :    0 (   0 filtered)
Number of warnings :    7 (   0 filtered)
Number of infos    :   16 (   0 filtered)

