Release 14.1 - xst P.15xf (nt64)
Copyright (c) 1995-2012 Xilinx, Inc.  All rights reserved.
--> Parameter TMPDIR set to xst/projnav.tmp


Total REAL time to Xst completion: 0.00 secs
Total CPU time to Xst completion: 0.16 secs
 
--> Parameter xsthdpdir set to xst


Total REAL time to Xst completion: 0.00 secs
Total CPU time to Xst completion: 0.16 secs
 
--> Reading design: atlys_lab_video.prj

TABLE OF CONTENTS
  1) Synthesis Options Summary
  2) HDL Parsing
  3) HDL Elaboration
  4) HDL Synthesis
       4.1) HDL Synthesis Report
  5) Advanced HDL Synthesis
       5.1) Advanced HDL Synthesis Report
  6) Low Level Synthesis
  7) Partition Report
  8) Design Summary
       8.1) Primitive and Black Box Usage
       8.2) Device utilization summary
       8.3) Partition Resource Summary
       8.4) Timing Report
            8.4.1) Clock Information
            8.4.2) Asynchronous Control Signals Information
            8.4.3) Timing Summary
            8.4.4) Timing Details
            8.4.5) Cross Clock Domains Report


=========================================================================
*                      Synthesis Options Summary                        *
=========================================================================
---- Source Parameters
Input File Name                    : "atlys_lab_video.prj"
Ignore Synthesis Constraint File   : NO

---- Target Parameters
Output File Name                   : "atlys_lab_video"
Output Format                      : NGC
Target Device                      : xc6slx45-3-fgg484

---- Source Options
Top Module Name                    : atlys_lab_video
Automatic FSM Extraction           : YES
FSM Encoding Algorithm             : Auto
Safe Implementation                : No
FSM Style                          : LUT
RAM Extraction                     : Yes
RAM Style                          : Auto
ROM Extraction                     : Yes
Shift Register Extraction          : YES
ROM Style                          : Auto
Resource Sharing                   : YES
Asynchronous To Synchronous        : NO
Shift Register Minimum Size        : 2
Use DSP Block                      : Auto
Automatic Register Balancing       : No

---- Target Options
LUT Combining                      : Auto
Reduce Control Sets                : Auto
Add IO Buffers                     : YES
Global Maximum Fanout              : 100000
Add Generic Clock Buffer(BUFG)     : 16
Register Duplication               : YES
Optimize Instantiated Primitives   : NO
Use Clock Enable                   : Auto
Use Synchronous Set                : Auto
Use Synchronous Reset              : Auto
Pack IO Registers into IOBs        : True
Equivalent register Removal        : YES

---- General Options
Optimization Goal                  : Area
Optimization Effort                : 1
Power Reduction                    : NO
Keep Hierarchy                     : No
Netlist Hierarchy                  : As_Optimized
RTL Output                         : Yes
Global Optimization                : AllClockNets
Read Cores                         : YES
Write Timing Constraints           : NO
Cross Clock Analysis               : NO
Hierarchy Separator                : /
Bus Delimiter                      : <>
Case Specifier                     : Maintain
Slice Utilization Ratio            : 100
BRAM Utilization Ratio             : 100
DSP48 Utilization Ratio            : 100
Auto BRAM Packing                  : YES
Slice Utilization Ratio Delta      : 5

=========================================================================


=========================================================================
*                          HDL Parsing                                  *
=========================================================================
Parsing VHDL file "C:\Users\C15Travis.Schriner\Documents\2dig\ECE383\Lab1_VGAController\Lab1_VGAController\v_sync_gen.vhd" into library work
Parsing entity <v_sync_gen>.
Parsing architecture <Behavioral> of entity <v_sync_gen>.
Parsing VHDL file "C:\Users\C15Travis.Schriner\Documents\2dig\ECE383\Lab1_VGAController\Lab1_VGAController\TDMS_encoder.vhd" into library work
Parsing entity <TDMS_encoder>.
Parsing architecture <Behavioral> of entity <tdms_encoder>.
Parsing VHDL file "C:\Users\C15Travis.Schriner\Documents\2dig\ECE383\Lab1_VGAController\Lab1_VGAController\h_sync_gen.vhd" into library work
Parsing entity <h_sync_gen>.
Parsing architecture <Behavioral> of entity <h_sync_gen>.
Parsing VHDL file "C:\Users\C15Travis.Schriner\Documents\2dig\ECE383\Lab1_VGAController\Lab1_VGAController\vga_sync.vhd" into library work
Parsing entity <vga_sync>.
Parsing architecture <Behavioral> of entity <vga_sync>.
Parsing VHDL file "C:\Users\C15Travis.Schriner\Documents\2dig\ECE383\Lab1_VGAController\Lab1_VGAController\pixel_gen.vhd" into library work
Parsing entity <pixel_gen>.
Parsing architecture <Behavioral> of entity <pixel_gen>.
Parsing VHDL file "C:\Users\C15Travis.Schriner\Documents\2dig\ECE383\Lab1_VGAController\Lab1_VGAController\dvid.vhd" into library work
Parsing entity <dvid>.
Parsing architecture <Behavioral> of entity <dvid>.
Parsing VHDL file "C:\Users\C15Travis.Schriner\Documents\2dig\ECE383\Lab1_VGAController\Lab1_VGAController\atlys_lab_video.vhd" into library work
Parsing entity <atlys_lab_video>.
Parsing architecture <Schriner_VGA> of entity <atlys_lab_video>.

=========================================================================
*                            HDL Elaboration                            *
=========================================================================

Elaborating entity <atlys_lab_video> (architecture <Schriner_VGA>) from library <work>.

Elaborating entity <vga_sync> (architecture <Behavioral>) from library <work>.

Elaborating entity <h_sync_gen> (architecture <Behavioral>) from library <work>.

Elaborating entity <v_sync_gen> (architecture <Behavioral>) from library <work>.
ERROR:HDLCompiler:1401 - "C:\Users\C15Travis.Schriner\Documents\2dig\ECE383\Lab1_VGAController\Lab1_VGAController\v_sync_gen.vhd" Line 57: Signal state_reg[2] in unit v_sync_gen is connected to following multiple drivers:
Driver 0: output signal state_next[2] of instance Latch (state_next[2]_buf_15).
Driver 1: output signal state_reg[2] of instance Flip-flop (state_reg).
Driver 0: output signal state_next[1] of instance Latch (state_next[2]_buf_15).
Driver 1: output signal state_reg[1] of instance Flip-flop (state_reg).
Driver 0: output signal state_next[0] of instance Latch (state_next[2]_buf_15).
Driver 1: output signal state_reg[0] of instance Flip-flop (state_reg).
Netlist vga_sync(Behavioral) remains a blackbox, due to errors in its contents

Elaborating entity <pixel_gen> (architecture <Behavioral>) from library <work>.

Elaborating entity <dvid> (architecture <Behavioral>) from library <work>.

Elaborating entity <TDMS_encoder> (architecture <Behavioral>) from library <work>.
--> 

Total memory usage is 215940 kilobytes

Number of errors   :    1 (   0 filtered)
Number of warnings :    0 (   0 filtered)
Number of infos    :    0 (   0 filtered)

